2026-07-22 17:35:19.880 | INFO     | __main__:<module>:10 - logger import works at runtime
2026-07-27 15:25:31.614 | ERROR    | app.core.error_handler:unhandled_exception_handler:24 - 未捕获异常 [POST /api/v1/auth/login]: (pymysql.err.OperationalError) (1045, "Access denied for user 'root'@'localhost' (using password: YES)")
(Background on this error at: https://sqlalche.me/e/20/e3q8)
Traceback (most recent call last):
  File "D:\conda_envs\CueAdmin\Lib\site-packages\sqlalchemy\engine\base.py", line 143, in __init__
    self._dbapi_connection = engine.raw_connection()
                             ^^^^^^^^^^^^^^^^^^^^^^^
  File "D:\conda_envs\CueAdmin\Lib\site-packages\sqlalchemy\engine\base.py", line 3317, in raw_connection
    return self.pool.connect()
           ^^^^^^^^^^^^^^^^^^^
  File "D:\conda_envs\CueAdmin\Lib\site-packages\sqlalchemy\pool\base.py", line 448, in connect
    return _ConnectionFairy._checkout(self)
           ^^^^^^^^^^^^^^^^^^^^^^^^^^^^^^^^
  File "D:\conda_envs\CueAdmin\Lib\site-packages\sqlalchemy\pool\base.py", line 1272, in _checkout
    fairy = _ConnectionRecord.checkout(pool)
            ^^^^^^^^^^^^^^^^^^^^^^^^^^^^^^^^
  File "D:\conda_envs\CueAdmin\Lib\site-packages\sqlalchemy\pool\base.py", line 712, in checkout
    rec = pool._do_get()
          ^^^^^^^^^^^^^^
  File "D:\conda_envs\CueAdmin\Lib\site-packages\sqlalchemy\pool\impl.py", line 177, in _do_get
    with util.safe_reraise():
  File "D:\conda_envs\CueAdmin\Lib\site-packages\sqlalchemy\util\langhelpers.py", line 121, in __exit__
    raise exc_value.with_traceback(exc_tb)
  File "D:\conda_envs\CueAdmin\Lib\site-packages\sqlalchemy\pool\impl.py", line 175, in _do_get
    return self._create_connection()
           ^^^^^^^^^^^^^^^^^^^^^^^^^
  File "D:\conda_envs\CueAdmin\Lib\site-packages\sqlalchemy\pool\base.py", line 389, in _create_connection
    return _ConnectionRecord(self)
           ^^^^^^^^^^^^^^^^^^^^^^^
  File "D:\conda_envs\CueAdmin\Lib\site-packages\sqlalchemy\pool\base.py", line 674, in __init__
    self.__connect()
  File "D:\conda_envs\CueAdmin\Lib\site-packages\sqlalchemy\pool\base.py", line 900, in __connect
    with util.safe_reraise():
  File "D:\conda_envs\CueAdmin\Lib\site-packages\sqlalchemy\util\langhelpers.py", line 121, in __exit__
    raise exc_value.with_traceback(exc_tb)
  File "D:\conda_envs\CueAdmin\Lib\site-packages\sqlalchemy\pool\base.py", line 896, in __connect
    self.dbapi_connection = connection = pool._invoke_creator(self)
                                         ^^^^^^^^^^^^^^^^^^^^^^^^^^
  File "D:\conda_envs\CueAdmin\Lib\site-packages\sqlalchemy\engine\create.py", line 667, in connect
    return dialect.connect(*cargs_tup, **cparams)
           ^^^^^^^^^^^^^^^^^^^^^^^^^^^^^^^^^^^^^^
  File "D:\conda_envs\CueAdmin\Lib\site-packages\sqlalchemy\engine\default.py", line 630, in connect
    return self.loaded_dbapi.connect(*cargs, **cparams)  # type: ignore[no-any-return]  # NOQA: E501
           ^^^^^^^^^^^^^^^^^^^^^^^^^^^^^^^^^^^^^^^^^^^^
  File "D:\conda_envs\CueAdmin\Lib\site-packages\sqlalchemy\dialects\mysql\aiomysql.py", line 170, in connect
    await_only(creator_fn(*arg, **kw)),
    ^^^^^^^^^^^^^^^^^^^^^^^^^^^^^^^^^^
  File "D:\conda_envs\CueAdmin\Lib\site-packages\sqlalchemy\util\_concurrency_py3k.py", line 132, in await_only
    return current.parent.switch(awaitable)  # type: ignore[no-any-return,attr-defined] # noqa: E501
           ^^^^^^^^^^^^^^^^^^^^^^^^^^^^^^^^
  File "D:\conda_envs\CueAdmin\Lib\site-packages\sqlalchemy\util\_concurrency_py3k.py", line 196, in greenlet_spawn
    value = await result
            ^^^^^^^^^^^^
  File "D:\conda_envs\CueAdmin\Lib\site-packages\aiomysql\connection.py", line 74, in _connect
    await conn._connect()
  File "D:\conda_envs\CueAdmin\Lib\site-packages\aiomysql\connection.py", line 540, in _connect
    await self._request_authentication()
  File "D:\conda_envs\CueAdmin\Lib\site-packages\aiomysql\connection.py", line 865, in _request_authentication
    await self.caching_sha2_password_auth(auth_packet)
  File "D:\conda_envs\CueAdmin\Lib\site-packages\aiomysql\connection.py", line 989, in caching_sha2_password_auth
    pkt = await self._read_packet()
          ^^^^^^^^^^^^^^^^^^^^^^^^^
  File "D:\conda_envs\CueAdmin\Lib\site-packages\aiomysql\connection.py", line 652, in _read_packet
    packet.raise_for_error()
  File "D:\conda_envs\CueAdmin\Lib\site-packages\pymysql\protocol.py", line 219, in raise_for_error
    err.raise_mysql_exception(self._data)
  File "D:\conda_envs\CueAdmin\Lib\site-packages\pymysql\err.py", line 154, in raise_mysql_exception
    raise errorclass(errno, errval, sqlstate=sqlstate)
pymysql.err.OperationalError: (1045, "Access denied for user 'root'@'localhost' (using password: YES)")

The above exception was the direct cause of the following exception:

Traceback (most recent call last):
  File "D:\conda_envs\CueAdmin\Lib\site-packages\starlette\middleware\errors.py", line 164, in __call__
    await self.app(scope, receive, _send)
  File "D:\conda_envs\CueAdmin\Lib\site-packages\starlette\middleware\base.py", line 193, in __call__
    response = await self.dispatch_func(request, call_next)
               ^^^^^^^^^^^^^^^^^^^^^^^^^^^^^^^^^^^^^^^^^^^^
  File "D:\Make-money-project\CueAdmin\backend\app\main.py", line 30, in log_requests
    response = await call_next(request)
               ^^^^^^^^^^^^^^^^^^^^^^^^
  File "D:\conda_envs\CueAdmin\Lib\site-packages\starlette\middleware\base.py", line 168, in call_next
    raise app_exc from app_exc.__cause__ or app_exc.__context__
  File "D:\conda_envs\CueAdmin\Lib\site-packages\starlette\middleware\base.py", line 144, in coro
    await self.app(scope, receive_or_disconnect, send_no_error)
  File "D:\conda_envs\CueAdmin\Lib\site-packages\starlette\middleware\cors.py", line 96, in __call__
    await self.simple_response(scope, receive, send, request_headers=headers)
  File "D:\conda_envs\CueAdmin\Lib\site-packages\starlette\middleware\cors.py", line 154, in simple_response
    await self.app(scope, receive, send)
  File "D:\conda_envs\CueAdmin\Lib\site-packages\starlette\middleware\exceptions.py", line 63, in __call__
    await wrap_app_handling_exceptions(self.app, conn)(scope, receive, send)
  File "D:\conda_envs\CueAdmin\Lib\site-packages\starlette\_exception_handler.py", line 53, in wrapped_app
    raise exc
  File "D:\conda_envs\CueAdmin\Lib\site-packages\starlette\_exception_handler.py", line 42, in wrapped_app
    await app(scope, receive, sender)
  File "D:\conda_envs\CueAdmin\Lib\site-packages\fastapi\middleware\asyncexitstack.py", line 18, in __call__
    await self.app(scope, receive, send)
  File "D:\conda_envs\CueAdmin\Lib\site-packages\starlette\routing.py", line 660, in __call__
    await self.middleware_stack(scope, receive, send)
  File "D:\conda_envs\CueAdmin\Lib\site-packages\starlette\routing.py", line 680, in app
    await route.handle(scope, receive, send)
  File "D:\conda_envs\CueAdmin\Lib\site-packages\starlette\routing.py", line 276, in handle
    await self.app(scope, receive, send)
  File "D:\conda_envs\CueAdmin\Lib\site-packages\fastapi\routing.py", line 134, in app
    await wrap_app_handling_exceptions(app, request)(scope, receive, send)
  File "D:\conda_envs\CueAdmin\Lib\site-packages\starlette\_exception_handler.py", line 53, in wrapped_app
    raise exc
  File "D:\conda_envs\CueAdmin\Lib\site-packages\starlette\_exception_handler.py", line 42, in wrapped_app
    await app(scope, receive, sender)
  File "D:\conda_envs\CueAdmin\Lib\site-packages\fastapi\routing.py", line 120, in app
    response = await f(request)
               ^^^^^^^^^^^^^^^^
  File "D:\conda_envs\CueAdmin\Lib\site-packages\fastapi\routing.py", line 674, in app
    raw_response = await run_endpoint_function(
                   ^^^^^^^^^^^^^^^^^^^^^^^^^^^^
  File "D:\conda_envs\CueAdmin\Lib\site-packages\fastapi\routing.py", line 328, in run_endpoint_function
    return await dependant.call(**values)
           ^^^^^^^^^^^^^^^^^^^^^^^^^^^^^^
  File "D:\Make-money-project\CueAdmin\backend\app\api\auth.py", line 24, in login
    result = await AuthService(db).login(body.username, body.password, body.client)
             ^^^^^^^^^^^^^^^^^^^^^^^^^^^^^^^^^^^^^^^^^^^^^^^^^^^^^^^^^^^^^^^^^^^^^^
  File "D:\Make-money-project\CueAdmin\backend\app\services\auth_service.py", line 27, in login
    result = await self.db.execute(stmt)
             ^^^^^^^^^^^^^^^^^^^^^^^^^^^
  File "D:\conda_envs\CueAdmin\Lib\site-packages\sqlalchemy\ext\asyncio\session.py", line 449, in execute
    result = await greenlet_spawn(
             ^^^^^^^^^^^^^^^^^^^^^
  File "D:\conda_envs\CueAdmin\Lib\site-packages\sqlalchemy\util\_concurrency_py3k.py", line 201, in greenlet_spawn
    result = context.throw(*sys.exc_info())
             ^^^^^^^^^^^^^^^^^^^^^^^^^^^^^^
  File "D:\conda_envs\CueAdmin\Lib\site-packages\sqlalchemy\orm\session.py", line 2351, in execute
    return self._execute_internal(
           ^^^^^^^^^^^^^^^^^^^^^^^
  File "D:\conda_envs\CueAdmin\Lib\site-packages\sqlalchemy\orm\session.py", line 2239, in _execute_internal
    conn = self._connection_for_bind(bind)
           ^^^^^^^^^^^^^^^^^^^^^^^^^^^^^^^
  File "D:\conda_envs\CueAdmin\Lib\site-packages\sqlalchemy\orm\session.py", line 2108, in _connection_for_bind
    return trans._connection_for_bind(engine, execution_options)
           ^^^^^^^^^^^^^^^^^^^^^^^^^^^^^^^^^^^^^^^^^^^^^^^^^^^^^
  File "<string>", line 2, in _connection_for_bind
  File "D:\conda_envs\CueAdmin\Lib\site-packages\sqlalchemy\orm\state_changes.py", line 137, in _go
    ret_value = fn(self, *arg, **kw)
                ^^^^^^^^^^^^^^^^^^^^
  File "D:\conda_envs\CueAdmin\Lib\site-packages\sqlalchemy\orm\session.py", line 1187, in _connection_for_bind
    conn = bind.connect()
           ^^^^^^^^^^^^^^
  File "D:\conda_envs\CueAdmin\Lib\site-packages\sqlalchemy\engine\base.py", line 3293, in connect
    return self._connection_cls(self)
           ^^^^^^^^^^^^^^^^^^^^^^^^^^
  File "D:\conda_envs\CueAdmin\Lib\site-packages\sqlalchemy\engine\base.py", line 145, in __init__
    Connection._handle_dbapi_exception_noconnection(
  File "D:\conda_envs\CueAdmin\Lib\site-packages\sqlalchemy\engine\base.py", line 2448, in _handle_dbapi_exception_noconnection
    raise sqlalchemy_exception.with_traceback(exc_info[2]) from e
  File "D:\conda_envs\CueAdmin\Lib\site-packages\sqlalchemy\engine\base.py", line 143, in __init__
    self._dbapi_connection = engine.raw_connection()
                             ^^^^^^^^^^^^^^^^^^^^^^^
  File "D:\conda_envs\CueAdmin\Lib\site-packages\sqlalchemy\engine\base.py", line 3317, in raw_connection
    return self.pool.connect()
           ^^^^^^^^^^^^^^^^^^^
  File "D:\conda_envs\CueAdmin\Lib\site-packages\sqlalchemy\pool\base.py", line 448, in connect
    return _ConnectionFairy._checkout(self)
           ^^^^^^^^^^^^^^^^^^^^^^^^^^^^^^^^
  File "D:\conda_envs\CueAdmin\Lib\site-packages\sqlalchemy\pool\base.py", line 1272, in _checkout
    fairy = _ConnectionRecord.checkout(pool)
            ^^^^^^^^^^^^^^^^^^^^^^^^^^^^^^^^
  File "D:\conda_envs\CueAdmin\Lib\site-packages\sqlalchemy\pool\base.py", line 712, in checkout
    rec = pool._do_get()
          ^^^^^^^^^^^^^^
  File "D:\conda_envs\CueAdmin\Lib\site-packages\sqlalchemy\pool\impl.py", line 177, in _do_get
    with util.safe_reraise():
  File "D:\conda_envs\CueAdmin\Lib\site-packages\sqlalchemy\util\langhelpers.py", line 121, in __exit__
    raise exc_value.with_traceback(exc_tb)
  File "D:\conda_envs\CueAdmin\Lib\site-packages\sqlalchemy\pool\impl.py", line 175, in _do_get
    return self._create_connection()
           ^^^^^^^^^^^^^^^^^^^^^^^^^
  File "D:\conda_envs\CueAdmin\Lib\site-packages\sqlalchemy\pool\base.py", line 389, in _create_connection
    return _ConnectionRecord(self)
           ^^^^^^^^^^^^^^^^^^^^^^^
  File "D:\conda_envs\CueAdmin\Lib\site-packages\sqlalchemy\pool\base.py", line 674, in __init__
    self.__connect()
  File "D:\conda_envs\CueAdmin\Lib\site-packages\sqlalchemy\pool\base.py", line 900, in __connect
    with util.safe_reraise():
  File "D:\conda_envs\CueAdmin\Lib\site-packages\sqlalchemy\util\langhelpers.py", line 121, in __exit__
    raise exc_value.with_traceback(exc_tb)
  File "D:\conda_envs\CueAdmin\Lib\site-packages\sqlalchemy\pool\base.py", line 896, in __connect
    self.dbapi_connection = connection = pool._invoke_creator(self)
                                         ^^^^^^^^^^^^^^^^^^^^^^^^^^
  File "D:\conda_envs\CueAdmin\Lib\site-packages\sqlalchemy\engine\create.py", line 667, in connect
    return dialect.connect(*cargs_tup, **cparams)
           ^^^^^^^^^^^^^^^^^^^^^^^^^^^^^^^^^^^^^^
  File "D:\conda_envs\CueAdmin\Lib\site-packages\sqlalchemy\engine\default.py", line 630, in connect
    return self.loaded_dbapi.connect(*cargs, **cparams)  # type: ignore[no-any-return]  # NOQA: E501
           ^^^^^^^^^^^^^^^^^^^^^^^^^^^^^^^^^^^^^^^^^^^^
  File "D:\conda_envs\CueAdmin\Lib\site-packages\sqlalchemy\dialects\mysql\aiomysql.py", line 170, in connect
    await_only(creator_fn(*arg, **kw)),
    ^^^^^^^^^^^^^^^^^^^^^^^^^^^^^^^^^^
  File "D:\conda_envs\CueAdmin\Lib\site-packages\sqlalchemy\util\_concurrency_py3k.py", line 132, in await_only
    return current.parent.switch(awaitable)  # type: ignore[no-any-return,attr-defined] # noqa: E501
           ^^^^^^^^^^^^^^^^^^^^^^^^^^^^^^^^
  File "D:\conda_envs\CueAdmin\Lib\site-packages\sqlalchemy\util\_concurrency_py3k.py", line 196, in greenlet_spawn
    value = await result
            ^^^^^^^^^^^^
  File "D:\conda_envs\CueAdmin\Lib\site-packages\aiomysql\connection.py", line 74, in _connect
    await conn._connect()
  File "D:\conda_envs\CueAdmin\Lib\site-packages\aiomysql\connection.py", line 540, in _connect
    await self._request_authentication()
  File "D:\conda_envs\CueAdmin\Lib\site-packages\aiomysql\connection.py", line 865, in _request_authentication
    await self.caching_sha2_password_auth(auth_packet)
  File "D:\conda_envs\CueAdmin\Lib\site-packages\aiomysql\connection.py", line 989, in caching_sha2_password_auth
    pkt = await self._read_packet()
          ^^^^^^^^^^^^^^^^^^^^^^^^^
  File "D:\conda_envs\CueAdmin\Lib\site-packages\aiomysql\connection.py", line 652, in _read_packet
    packet.raise_for_error()
  File "D:\conda_envs\CueAdmin\Lib\site-packages\pymysql\protocol.py", line 219, in raise_for_error
    err.raise_mysql_exception(self._data)
  File "D:\conda_envs\CueAdmin\Lib\site-packages\pymysql\err.py", line 154, in raise_mysql_exception
    raise errorclass(errno, errval, sqlstate=sqlstate)
sqlalchemy.exc.OperationalError: (pymysql.err.OperationalError) (1045, "Access denied for user 'root'@'localhost' (using password: YES)")
(Background on this error at: https://sqlalche.me/e/20/e3q8)

2026-07-27 15:25:51.325 | ERROR    | app.core.error_handler:unhandled_exception_handler:24 - 未捕获异常 [POST /api/v1/auth/login]: (pymysql.err.OperationalError) (1045, "Access denied for user 'root'@'localhost' (using password: YES)")
(Background on this error at: https://sqlalche.me/e/20/e3q8)
Traceback (most recent call last):
  File "D:\conda_envs\CueAdmin\Lib\site-packages\sqlalchemy\engine\base.py", line 143, in __init__
    self._dbapi_connection = engine.raw_connection()
                             ^^^^^^^^^^^^^^^^^^^^^^^
  File "D:\conda_envs\CueAdmin\Lib\site-packages\sqlalchemy\engine\base.py", line 3317, in raw_connection
    return self.pool.connect()
           ^^^^^^^^^^^^^^^^^^^
  File "D:\conda_envs\CueAdmin\Lib\site-packages\sqlalchemy\pool\base.py", line 448, in connect
    return _ConnectionFairy._checkout(self)
           ^^^^^^^^^^^^^^^^^^^^^^^^^^^^^^^^
  File "D:\conda_envs\CueAdmin\Lib\site-packages\sqlalchemy\pool\base.py", line 1272, in _checkout
    fairy = _ConnectionRecord.checkout(pool)
            ^^^^^^^^^^^^^^^^^^^^^^^^^^^^^^^^
  File "D:\conda_envs\CueAdmin\Lib\site-packages\sqlalchemy\pool\base.py", line 712, in checkout
    rec = pool._do_get()
          ^^^^^^^^^^^^^^
  File "D:\conda_envs\CueAdmin\Lib\site-packages\sqlalchemy\pool\impl.py", line 177, in _do_get
    with util.safe_reraise():
  File "D:\conda_envs\CueAdmin\Lib\site-packages\sqlalchemy\util\langhelpers.py", line 121, in __exit__
    raise exc_value.with_traceback(exc_tb)
  File "D:\conda_envs\CueAdmin\Lib\site-packages\sqlalchemy\pool\impl.py", line 175, in _do_get
    return self._create_connection()
           ^^^^^^^^^^^^^^^^^^^^^^^^^
  File "D:\conda_envs\CueAdmin\Lib\site-packages\sqlalchemy\pool\base.py", line 389, in _create_connection
    return _ConnectionRecord(self)
           ^^^^^^^^^^^^^^^^^^^^^^^
  File "D:\conda_envs\CueAdmin\Lib\site-packages\sqlalchemy\pool\base.py", line 674, in __init__
    self.__connect()
  File "D:\conda_envs\CueAdmin\Lib\site-packages\sqlalchemy\pool\base.py", line 900, in __connect
    with util.safe_reraise():
  File "D:\conda_envs\CueAdmin\Lib\site-packages\sqlalchemy\util\langhelpers.py", line 121, in __exit__
    raise exc_value.with_traceback(exc_tb)
  File "D:\conda_envs\CueAdmin\Lib\site-packages\sqlalchemy\pool\base.py", line 896, in __connect
    self.dbapi_connection = connection = pool._invoke_creator(self)
                                         ^^^^^^^^^^^^^^^^^^^^^^^^^^
  File "D:\conda_envs\CueAdmin\Lib\site-packages\sqlalchemy\engine\create.py", line 667, in connect
    return dialect.connect(*cargs_tup, **cparams)
           ^^^^^^^^^^^^^^^^^^^^^^^^^^^^^^^^^^^^^^
  File "D:\conda_envs\CueAdmin\Lib\site-packages\sqlalchemy\engine\default.py", line 630, in connect
    return self.loaded_dbapi.connect(*cargs, **cparams)  # type: ignore[no-any-return]  # NOQA: E501
           ^^^^^^^^^^^^^^^^^^^^^^^^^^^^^^^^^^^^^^^^^^^^
  File "D:\conda_envs\CueAdmin\Lib\site-packages\sqlalchemy\dialects\mysql\aiomysql.py", line 170, in connect
    await_only(creator_fn(*arg, **kw)),
    ^^^^^^^^^^^^^^^^^^^^^^^^^^^^^^^^^^
  File "D:\conda_envs\CueAdmin\Lib\site-packages\sqlalchemy\util\_concurrency_py3k.py", line 132, in await_only
    return current.parent.switch(awaitable)  # type: ignore[no-any-return,attr-defined] # noqa: E501
           ^^^^^^^^^^^^^^^^^^^^^^^^^^^^^^^^
  File "D:\conda_envs\CueAdmin\Lib\site-packages\sqlalchemy\util\_concurrency_py3k.py", line 196, in greenlet_spawn
    value = await result
            ^^^^^^^^^^^^
  File "D:\conda_envs\CueAdmin\Lib\site-packages\aiomysql\connection.py", line 74, in _connect
    await conn._connect()
  File "D:\conda_envs\CueAdmin\Lib\site-packages\aiomysql\connection.py", line 540, in _connect
    await self._request_authentication()
  File "D:\conda_envs\CueAdmin\Lib\site-packages\aiomysql\connection.py", line 865, in _request_authentication
    await self.caching_sha2_password_auth(auth_packet)
  File "D:\conda_envs\CueAdmin\Lib\site-packages\aiomysql\connection.py", line 989, in caching_sha2_password_auth
    pkt = await self._read_packet()
          ^^^^^^^^^^^^^^^^^^^^^^^^^
  File "D:\conda_envs\CueAdmin\Lib\site-packages\aiomysql\connection.py", line 652, in _read_packet
    packet.raise_for_error()
  File "D:\conda_envs\CueAdmin\Lib\site-packages\pymysql\protocol.py", line 219, in raise_for_error
    err.raise_mysql_exception(self._data)
  File "D:\conda_envs\CueAdmin\Lib\site-packages\pymysql\err.py", line 154, in raise_mysql_exception
    raise errorclass(errno, errval, sqlstate=sqlstate)
pymysql.err.OperationalError: (1045, "Access denied for user 'root'@'localhost' (using password: YES)")

The above exception was the direct cause of the following exception:

Traceback (most recent call last):
  File "D:\conda_envs\CueAdmin\Lib\site-packages\starlette\middleware\errors.py", line 164, in __call__
    await self.app(scope, receive, _send)
  File "D:\conda_envs\CueAdmin\Lib\site-packages\starlette\middleware\base.py", line 193, in __call__
    response = await self.dispatch_func(request, call_next)
               ^^^^^^^^^^^^^^^^^^^^^^^^^^^^^^^^^^^^^^^^^^^^
  File "D:\Make-money-project\CueAdmin\backend\app\main.py", line 30, in log_requests
    response = await call_next(request)
               ^^^^^^^^^^^^^^^^^^^^^^^^
  File "D:\conda_envs\CueAdmin\Lib\site-packages\starlette\middleware\base.py", line 168, in call_next
    raise app_exc from app_exc.__cause__ or app_exc.__context__
  File "D:\conda_envs\CueAdmin\Lib\site-packages\starlette\middleware\base.py", line 144, in coro
    await self.app(scope, receive_or_disconnect, send_no_error)
  File "D:\conda_envs\CueAdmin\Lib\site-packages\starlette\middleware\cors.py", line 96, in __call__
    await self.simple_response(scope, receive, send, request_headers=headers)
  File "D:\conda_envs\CueAdmin\Lib\site-packages\starlette\middleware\cors.py", line 154, in simple_response
    await self.app(scope, receive, send)
  File "D:\conda_envs\CueAdmin\Lib\site-packages\starlette\middleware\exceptions.py", line 63, in __call__
    await wrap_app_handling_exceptions(self.app, conn)(scope, receive, send)
  File "D:\conda_envs\CueAdmin\Lib\site-packages\starlette\_exception_handler.py", line 53, in wrapped_app
    raise exc
  File "D:\conda_envs\CueAdmin\Lib\site-packages\starlette\_exception_handler.py", line 42, in wrapped_app
    await app(scope, receive, sender)
  File "D:\conda_envs\CueAdmin\Lib\site-packages\fastapi\middleware\asyncexitstack.py", line 18, in __call__
    await self.app(scope, receive, send)
  File "D:\conda_envs\CueAdmin\Lib\site-packages\starlette\routing.py", line 660, in __call__
    await self.middleware_stack(scope, receive, send)
  File "D:\conda_envs\CueAdmin\Lib\site-packages\starlette\routing.py", line 680, in app
    await route.handle(scope, receive, send)
  File "D:\conda_envs\CueAdmin\Lib\site-packages\starlette\routing.py", line 276, in handle
    await self.app(scope, receive, send)
  File "D:\conda_envs\CueAdmin\Lib\site-packages\fastapi\routing.py", line 134, in app
    await wrap_app_handling_exceptions(app, request)(scope, receive, send)
  File "D:\conda_envs\CueAdmin\Lib\site-packages\starlette\_exception_handler.py", line 53, in wrapped_app
    raise exc
  File "D:\conda_envs\CueAdmin\Lib\site-packages\starlette\_exception_handler.py", line 42, in wrapped_app
    await app(scope, receive, sender)
  File "D:\conda_envs\CueAdmin\Lib\site-packages\fastapi\routing.py", line 120, in app
    response = await f(request)
               ^^^^^^^^^^^^^^^^
  File "D:\conda_envs\CueAdmin\Lib\site-packages\fastapi\routing.py", line 674, in app
    raw_response = await run_endpoint_function(
                   ^^^^^^^^^^^^^^^^^^^^^^^^^^^^
  File "D:\conda_envs\CueAdmin\Lib\site-packages\fastapi\routing.py", line 328, in run_endpoint_function
    return await dependant.call(**values)
           ^^^^^^^^^^^^^^^^^^^^^^^^^^^^^^
  File "D:\Make-money-project\CueAdmin\backend\app\api\auth.py", line 24, in login
    result = await AuthService(db).login(body.username, body.password, body.client)
             ^^^^^^^^^^^^^^^^^^^^^^^^^^^^^^^^^^^^^^^^^^^^^^^^^^^^^^^^^^^^^^^^^^^^^^
  File "D:\Make-money-project\CueAdmin\backend\app\services\auth_service.py", line 27, in login
    result = await self.db.execute(stmt)
             ^^^^^^^^^^^^^^^^^^^^^^^^^^^
  File "D:\conda_envs\CueAdmin\Lib\site-packages\sqlalchemy\ext\asyncio\session.py", line 449, in execute
    result = await greenlet_spawn(
             ^^^^^^^^^^^^^^^^^^^^^
  File "D:\conda_envs\CueAdmin\Lib\site-packages\sqlalchemy\util\_concurrency_py3k.py", line 201, in greenlet_spawn
    result = context.throw(*sys.exc_info())
             ^^^^^^^^^^^^^^^^^^^^^^^^^^^^^^
  File "D:\conda_envs\CueAdmin\Lib\site-packages\sqlalchemy\orm\session.py", line 2351, in execute
    return self._execute_internal(
           ^^^^^^^^^^^^^^^^^^^^^^^
  File "D:\conda_envs\CueAdmin\Lib\site-packages\sqlalchemy\orm\session.py", line 2239, in _execute_internal
    conn = self._connection_for_bind(bind)
           ^^^^^^^^^^^^^^^^^^^^^^^^^^^^^^^
  File "D:\conda_envs\CueAdmin\Lib\site-packages\sqlalchemy\orm\session.py", line 2108, in _connection_for_bind
    return trans._connection_for_bind(engine, execution_options)
           ^^^^^^^^^^^^^^^^^^^^^^^^^^^^^^^^^^^^^^^^^^^^^^^^^^^^^
  File "<string>", line 2, in _connection_for_bind
  File "D:\conda_envs\CueAdmin\Lib\site-packages\sqlalchemy\orm\state_changes.py", line 137, in _go
    ret_value = fn(self, *arg, **kw)
                ^^^^^^^^^^^^^^^^^^^^
  File "D:\conda_envs\CueAdmin\Lib\site-packages\sqlalchemy\orm\session.py", line 1187, in _connection_for_bind
    conn = bind.connect()
           ^^^^^^^^^^^^^^
  File "D:\conda_envs\CueAdmin\Lib\site-packages\sqlalchemy\engine\base.py", line 3293, in connect
    return self._connection_cls(self)
           ^^^^^^^^^^^^^^^^^^^^^^^^^^
  File "D:\conda_envs\CueAdmin\Lib\site-packages\sqlalchemy\engine\base.py", line 145, in __init__
    Connection._handle_dbapi_exception_noconnection(
  File "D:\conda_envs\CueAdmin\Lib\site-packages\sqlalchemy\engine\base.py", line 2448, in _handle_dbapi_exception_noconnection
    raise sqlalchemy_exception.with_traceback(exc_info[2]) from e
  File "D:\conda_envs\CueAdmin\Lib\site-packages\sqlalchemy\engine\base.py", line 143, in __init__
    self._dbapi_connection = engine.raw_connection()
                             ^^^^^^^^^^^^^^^^^^^^^^^
  File "D:\conda_envs\CueAdmin\Lib\site-packages\sqlalchemy\engine\base.py", line 3317, in raw_connection
    return self.pool.connect()
           ^^^^^^^^^^^^^^^^^^^
  File "D:\conda_envs\CueAdmin\Lib\site-packages\sqlalchemy\pool\base.py", line 448, in connect
    return _ConnectionFairy._checkout(self)
           ^^^^^^^^^^^^^^^^^^^^^^^^^^^^^^^^
  File "D:\conda_envs\CueAdmin\Lib\site-packages\sqlalchemy\pool\base.py", line 1272, in _checkout
    fairy = _ConnectionRecord.checkout(pool)
            ^^^^^^^^^^^^^^^^^^^^^^^^^^^^^^^^
  File "D:\conda_envs\CueAdmin\Lib\site-packages\sqlalchemy\pool\base.py", line 712, in checkout
    rec = pool._do_get()
          ^^^^^^^^^^^^^^
  File "D:\conda_envs\CueAdmin\Lib\site-packages\sqlalchemy\pool\impl.py", line 177, in _do_get
    with util.safe_reraise():
  File "D:\conda_envs\CueAdmin\Lib\site-packages\sqlalchemy\util\langhelpers.py", line 121, in __exit__
    raise exc_value.with_traceback(exc_tb)
  File "D:\conda_envs\CueAdmin\Lib\site-packages\sqlalchemy\pool\impl.py", line 175, in _do_get
    return self._create_connection()
           ^^^^^^^^^^^^^^^^^^^^^^^^^
  File "D:\conda_envs\CueAdmin\Lib\site-packages\sqlalchemy\pool\base.py", line 389, in _create_connection
    return _ConnectionRecord(self)
           ^^^^^^^^^^^^^^^^^^^^^^^
  File "D:\conda_envs\CueAdmin\Lib\site-packages\sqlalchemy\pool\base.py", line 674, in __init__
    self.__connect()
  File "D:\conda_envs\CueAdmin\Lib\site-packages\sqlalchemy\pool\base.py", line 900, in __connect
    with util.safe_reraise():
  File "D:\conda_envs\CueAdmin\Lib\site-packages\sqlalchemy\util\langhelpers.py", line 121, in __exit__
    raise exc_value.with_traceback(exc_tb)
  File "D:\conda_envs\CueAdmin\Lib\site-packages\sqlalchemy\pool\base.py", line 896, in __connect
    self.dbapi_connection = connection = pool._invoke_creator(self)
                                         ^^^^^^^^^^^^^^^^^^^^^^^^^^
  File "D:\conda_envs\CueAdmin\Lib\site-packages\sqlalchemy\engine\create.py", line 667, in connect
    return dialect.connect(*cargs_tup, **cparams)
           ^^^^^^^^^^^^^^^^^^^^^^^^^^^^^^^^^^^^^^
  File "D:\conda_envs\CueAdmin\Lib\site-packages\sqlalchemy\engine\default.py", line 630, in connect
    return self.loaded_dbapi.connect(*cargs, **cparams)  # type: ignore[no-any-return]  # NOQA: E501
           ^^^^^^^^^^^^^^^^^^^^^^^^^^^^^^^^^^^^^^^^^^^^
  File "D:\conda_envs\CueAdmin\Lib\site-packages\sqlalchemy\dialects\mysql\aiomysql.py", line 170, in connect
    await_only(creator_fn(*arg, **kw)),
    ^^^^^^^^^^^^^^^^^^^^^^^^^^^^^^^^^^
  File "D:\conda_envs\CueAdmin\Lib\site-packages\sqlalchemy\util\_concurrency_py3k.py", line 132, in await_only
    return current.parent.switch(awaitable)  # type: ignore[no-any-return,attr-defined] # noqa: E501
           ^^^^^^^^^^^^^^^^^^^^^^^^^^^^^^^^
  File "D:\conda_envs\CueAdmin\Lib\site-packages\sqlalchemy\util\_concurrency_py3k.py", line 196, in greenlet_spawn
    value = await result
            ^^^^^^^^^^^^
  File "D:\conda_envs\CueAdmin\Lib\site-packages\aiomysql\connection.py", line 74, in _connect
    await conn._connect()
  File "D:\conda_envs\CueAdmin\Lib\site-packages\aiomysql\connection.py", line 540, in _connect
    await self._request_authentication()
  File "D:\conda_envs\CueAdmin\Lib\site-packages\aiomysql\connection.py", line 865, in _request_authentication
    await self.caching_sha2_password_auth(auth_packet)
  File "D:\conda_envs\CueAdmin\Lib\site-packages\aiomysql\connection.py", line 989, in caching_sha2_password_auth
    pkt = await self._read_packet()
          ^^^^^^^^^^^^^^^^^^^^^^^^^
  File "D:\conda_envs\CueAdmin\Lib\site-packages\aiomysql\connection.py", line 652, in _read_packet
    packet.raise_for_error()
  File "D:\conda_envs\CueAdmin\Lib\site-packages\pymysql\protocol.py", line 219, in raise_for_error
    err.raise_mysql_exception(self._data)
  File "D:\conda_envs\CueAdmin\Lib\site-packages\pymysql\err.py", line 154, in raise_mysql_exception
    raise errorclass(errno, errval, sqlstate=sqlstate)
sqlalchemy.exc.OperationalError: (pymysql.err.OperationalError) (1045, "Access denied for user 'root'@'localhost' (using password: YES)")
(Background on this error at: https://sqlalche.me/e/20/e3q8)

2026-07-27 15:34:53.778 | INFO     | app.api.auth:login:29 - 用户登录成功
2026-07-27 15:34:53.780 | INFO     | app.main:log_requests:35 - POST /api/v1/auth/login → 200 (0.307s)
2026-07-27 15:35:02.686 | INFO     | app.api.auth:login:29 - 用户登录成功
2026-07-27 15:35:02.687 | INFO     | app.main:log_requests:35 - POST /api/v1/auth/login → 200 (0.268s)
2026-07-27 15:36:25.256 | INFO     | app.api.auth:login:29 - 用户登录成功
2026-07-27 15:36:25.257 | INFO     | app.main:log_requests:35 - POST /api/v1/auth/login → 200 (0.224s)
2026-07-27 15:36:34.946 | INFO     | app.api.auth:login:29 - 用户登录成功
2026-07-27 15:36:34.946 | INFO     | app.main:log_requests:35 - POST /api/v1/auth/login → 200 (0.216s)
2026-07-27 15:36:53.608 | INFO     | app.api.auth:login:29 - 用户登录成功
2026-07-27 15:36:53.609 | INFO     | app.main:log_requests:35 - POST /api/v1/auth/login → 200 (0.291s)
2026-07-27 15:37:43.664 | INFO     | app.api.auth:login:29 - 用户登录成功
2026-07-27 15:37:43.665 | INFO     | app.main:log_requests:35 - POST /api/v1/auth/login → 200 (0.224s)
2026-07-27 15:37:53.413 | INFO     | app.api.auth:login:29 - 用户登录成功
2026-07-27 15:37:53.413 | INFO     | app.main:log_requests:35 - POST /api/v1/auth/login → 200 (0.231s)
2026-07-27 15:38:49.445 | INFO     | app.api.auth:login:29 - 用户登录成功
2026-07-27 15:38:49.446 | INFO     | app.main:log_requests:35 - POST /api/v1/auth/login → 200 (0.221s)
2026-07-27 15:48:47.325 | INFO     | app.api.auth:login:29 - 用户登录成功
2026-07-27 15:48:47.325 | INFO     | app.main:log_requests:35 - POST /api/v1/auth/login → 200 (0.218s)
2026-07-27 15:49:51.369 | INFO     | app.api.auth:login:29 - 用户登录成功
2026-07-27 15:49:51.369 | INFO     | app.main:log_requests:35 - POST /api/v1/auth/login → 200 (0.217s)
2026-07-27 15:54:33.132 | WARNING  | app.core.dependencies:get_current_user:70 - Redis 不可用，跳过黑名单检查
2026-07-27 15:54:33.151 | DEBUG    | app.core.dependencies:get_current_user:106 - 用户认证成功
2026-07-27 15:54:33.196 | INFO     | app.main:log_requests:35 - GET /api/v1/users → 200 (0.107s)
2026-07-27 15:54:35.985 | WARNING  | app.core.dependencies:get_current_user:70 - Redis 不可用，跳过黑名单检查
2026-07-27 15:54:35.999 | DEBUG    | app.core.dependencies:get_current_user:106 - 用户认证成功
2026-07-27 15:54:36.014 | INFO     | app.main:log_requests:35 - GET /api/v1/users → 200 (0.036s)
2026-07-27 15:54:37.970 | WARNING  | app.core.dependencies:get_current_user:70 - Redis 不可用，跳过黑名单检查
2026-07-27 15:54:37.982 | DEBUG    | app.core.dependencies:get_current_user:106 - 用户认证成功
2026-07-27 15:54:38.006 | INFO     | app.main:log_requests:35 - GET /api/v1/roles → 200 (0.046s)
2026-07-27 15:55:41.696 | WARNING  | app.core.dependencies:get_current_user:70 - Redis 不可用，跳过黑名单检查
2026-07-27 15:55:41.705 | DEBUG    | app.core.dependencies:get_current_user:106 - 用户认证成功
2026-07-27 15:55:41.712 | INFO     | app.main:log_requests:35 - GET /api/v1/users → 200 (0.024s)
2026-07-27 15:55:42.969 | WARNING  | app.core.dependencies:get_current_user:70 - Redis 不可用，跳过黑名单检查
2026-07-27 15:55:42.978 | DEBUG    | app.core.dependencies:get_current_user:106 - 用户认证成功
2026-07-27 15:55:42.984 | INFO     | app.main:log_requests:35 - GET /api/v1/roles → 200 (0.022s)
2026-07-27 15:55:45.631 | WARNING  | app.core.dependencies:get_current_user:70 - Redis 不可用，跳过黑名单检查
2026-07-27 15:55:45.642 | DEBUG    | app.core.dependencies:get_current_user:106 - 用户认证成功
2026-07-27 15:55:45.650 | INFO     | app.main:log_requests:35 - GET /api/v1/users → 200 (0.025s)
2026-07-27 15:55:47.086 | WARNING  | app.core.dependencies:get_current_user:70 - Redis 不可用，跳过黑名单检查
2026-07-27 15:55:47.100 | DEBUG    | app.core.dependencies:get_current_user:106 - 用户认证成功
2026-07-27 15:55:47.115 | INFO     | app.main:log_requests:35 - GET /api/v1/roles → 200 (0.037s)
2026-07-27 15:55:53.470 | WARNING  | app.core.dependencies:get_current_user:70 - Redis 不可用，跳过黑名单检查
2026-07-27 15:55:53.478 | DEBUG    | app.core.dependencies:get_current_user:106 - 用户认证成功
2026-07-27 15:55:53.484 | INFO     | app.main:log_requests:35 - GET /api/v1/users → 200 (0.020s)
2026-07-27 15:55:56.086 | WARNING  | app.core.dependencies:get_current_user:70 - Redis 不可用，跳过黑名单检查
2026-07-27 15:55:56.094 | DEBUG    | app.core.dependencies:get_current_user:106 - 用户认证成功
2026-07-27 15:55:56.099 | INFO     | app.main:log_requests:35 - GET /api/v1/roles → 200 (0.019s)
2026-07-27 15:56:02.296 | WARNING  | app.core.dependencies:get_current_user:70 - Redis 不可用，跳过黑名单检查
2026-07-27 15:56:02.303 | DEBUG    | app.core.dependencies:get_current_user:106 - 用户认证成功
2026-07-27 15:56:02.308 | INFO     | app.main:log_requests:35 - GET /api/v1/menus → 200 (0.021s)
2026-07-27 15:56:15.421 | WARNING  | app.core.dependencies:get_current_user:70 - Redis 不可用，跳过黑名单检查
2026-07-27 15:56:15.427 | DEBUG    | app.core.dependencies:get_current_user:106 - 用户认证成功
2026-07-27 15:56:15.431 | INFO     | app.main:log_requests:35 - GET /api/v1/permissions → 200 (0.019s)
2026-07-27 15:56:32.326 | WARNING  | app.core.dependencies:get_current_user:70 - Redis 不可用，跳过黑名单检查
2026-07-27 15:56:32.336 | DEBUG    | app.core.dependencies:get_current_user:106 - 用户认证成功
2026-07-27 15:56:32.342 | INFO     | app.main:log_requests:35 - GET /api/v1/roles → 200 (0.023s)
2026-07-27 15:56:39.602 | WARNING  | app.core.dependencies:get_current_user:70 - Redis 不可用，跳过黑名单检查
2026-07-27 15:56:39.609 | DEBUG    | app.core.dependencies:get_current_user:106 - 用户认证成功
2026-07-27 15:56:39.614 | INFO     | app.main:log_requests:35 - GET /api/v1/users → 200 (0.019s)
2026-07-27 15:56:44.707 | WARNING  | app.core.dependencies:get_current_user:70 - Redis 不可用，跳过黑名单检查
2026-07-27 15:56:44.714 | DEBUG    | app.core.dependencies:get_current_user:106 - 用户认证成功
2026-07-27 15:56:44.714 | INFO     | app.main:log_requests:35 - GET /api/v1/menus → 200 (0.013s)
2026-07-27 15:56:46.247 | WARNING  | app.core.dependencies:get_current_user:70 - Redis 不可用，跳过黑名单检查
2026-07-27 15:56:46.254 | DEBUG    | app.core.dependencies:get_current_user:106 - 用户认证成功
2026-07-27 15:56:46.256 | INFO     | app.main:log_requests:35 - GET /api/v1/permissions → 200 (0.014s)
2026-07-27 15:56:53.783 | WARNING  | app.core.dependencies:get_current_user:70 - Redis 不可用，跳过黑名单检查
2026-07-27 15:56:53.791 | DEBUG    | app.core.dependencies:get_current_user:106 - 用户认证成功
2026-07-27 15:56:53.797 | INFO     | app.main:log_requests:35 - GET /api/v1/roles → 200 (0.019s)
2026-07-27 15:56:55.823 | WARNING  | app.core.dependencies:get_current_user:70 - Redis 不可用，跳过黑名单检查
2026-07-27 15:56:55.833 | DEBUG    | app.core.dependencies:get_current_user:106 - 用户认证成功
2026-07-27 15:56:55.836 | INFO     | app.main:log_requests:35 - GET /api/v1/users → 200 (0.019s)
